[theme-furniture-2.mysapo.net/index.html]
[backblue.gif]
[fade.gif]
[index.html]
[bizweb.dktcdn.net/100/210/557/themes/801960/assets/faviconb60e.png]
[bizweb.dktcdn.net/100/210/557/themes/801960/assets/logob60e.png]
[bizweb.dktcdn.net/100/210/557/themes/801960/assets/plugin.scssb60e.css]
[bizweb.dktcdn.net/100/210/557/themes/801960/assets/base.scssb60e.css]
[bizweb.dktcdn.net/100/210/557/themes/801960/assets/style.scssb60e.css]
[bizweb.dktcdn.net/100/210/557/themes/801960/assets/module.scssb60e.css]
[bizweb.dktcdn.net/100/210/557/themes/801960/assets/responsive.scssb60e.css]
[theme-furniture-2.mysapo.net/s.9.delayed]
[theme-furniture-2.mysapo.net/dist/js/stats.minbadf.js]
[theme-furniture-2.mysapo.net/cdn-cgi/l/email-protection.b.delayed]
[bizweb.dktcdn.net/100/210/557/themes/801960/assets/jquery-2.2.3.minb60e.js]
[theme-furniture-2.mysapo.net/account/logina3b1.html]
[theme-furniture-2.mysapo.net/account/register.html]
[theme-furniture-2.mysapo.net/account/login.html]
[bizweb.dktcdn.net/100/210/557/themes/801960/assets/menu-barb60e.png]
[theme-furniture-2.mysapo.net/cart.html]
[theme-furniture-2.mysapo.net/collections/all.html]
[theme-furniture-2.mysapo.net/san-pham-khuyen-mai.html]
[theme-furniture-2.mysapo.net/ban-ghe-go.html]
[theme-furniture-2.mysapo.net/bo-ban-ghe.html]
[theme-furniture-2.mysapo.net/ghe-tua.html]
[theme-furniture-2.mysapo.net/san-pham-noi-bat.html]
[theme-furniture-2.mysapo.net/phong-ngu.html]
[theme-furniture-2.mysapo.net/tin-tuc.html]
[theme-furniture-2.mysapo.net/gioi-thieu.html]
[bizweb.dktcdn.net/100/210/557/themes/801960/assets/slider_1b60e.jpg]
[theme-furniture-2.mysapo.net/lien-he.html]
[theme-furniture-2.mysapo.net/cdn-cgi/scripts/5c5dd728/cloudflare-static/email-decode.min.js]
[bizweb.dktcdn.net/100/210/557/themes/801960/assets/policy1b60e.png]
[bizweb.dktcdn.net/100/210/557/themes/801960/assets/policy2b60e.png]
[bizweb.dktcdn.net/100/210/557/themes/801960/assets/policy3b60e.png]
[theme-furniture-2.mysapo.net/ghe-sofa.html]
[theme-furniture-2.mysapo.net/den-trang-tri-vach-netviet-nv-016.html]
[theme-furniture-2.mysapo.net/ban-lam-viec.html]
[theme-furniture-2.mysapo.net/den-trang-tri-vach-cao-cap-pha-le-netviet-nv-9005-2.html]
[theme-furniture-2.mysapo.net/den-trang-tri-vach-cao-cap-netviet-nv-8825.html]
[theme-furniture-2.mysapo.net/den-trang-tri-vach-netviet-nv-8205-1.html]
[theme-furniture-2.mysapo.net/den-tuong-composite-an-phuoc-b948.html]
[theme-furniture-2.mysapo.net/den-treo-pha-le-green-light.html]
[theme-furniture-2.mysapo.net/giuong-bmy.html]
[theme-furniture-2.mysapo.net/giuong-ngu-gn-016.html]
[theme-furniture-2.mysapo.net/ke-sach-5-tang-ubl.html]
[theme-furniture-2.mysapo.net/ke-sach-big-one-vietnam-spr-1690prtdk.html]
[theme-furniture-2.mysapo.net/tu-quan-ao-big-one-vietnam-wvr-1855l.html]
[theme-furniture-2.mysapo.net/tu-ao-b1241k.html]
[theme-furniture-2.mysapo.net/tu-ao-bellasofa-b1239.html]
[theme-furniture-2.mysapo.net/tu-ao-b1238.html]
[theme-furniture-2.mysapo.net/tu-ao-hut.html]
[theme-furniture-2.mysapo.net/tu-qtr-01.html]
[theme-furniture-2.mysapo.net/ban-cafe-tron.html]
[theme-furniture-2.mysapo.net/ban-cafe-vuong-kinh.html]
[theme-furniture-2.mysapo.net/ban-uong-cafe-go-dep.html]
[theme-furniture-2.mysapo.net/ban-uong-cafe-go-dai.html]
[theme-furniture-2.mysapo.net/ban-uong-cafe-dai.html]
[theme-furniture-2.mysapo.net/sofa-don-sfd01.html]
[theme-furniture-2.mysapo.net/ghe-sopha-don-dep.html]
[theme-furniture-2.mysapo.net/sofa-don-sfd16.html]
[theme-furniture-2.mysapo.net/ke-sach-go-4-tang-40.html]
[theme-furniture-2.mysapo.net/gia-sach-treo-hurakids-2130-002.html]
[theme-furniture-2.mysapo.net/den-vach-kinh-nv-86664.html]
[theme-furniture-2.mysapo.net/den-trang-tri-vach-cao-cap-yui.html]
[theme-furniture-2.mysapo.net/den-trang-tri-tru-cong-netviet-nvt-1.html]
[theme-furniture-2.mysapo.net/khay-dung-xa-phong.html]
[theme-furniture-2.mysapo.net/thanh-dung-xa-phong.html]
[theme-furniture-2.mysapo.net/thanh-sat-tfu.html]
[theme-furniture-2.mysapo.net/tu-hug-90.html]
[bizweb.dktcdn.net/100/210/557/themes/801960/assets/testimonialb60e.jpg]
[theme-furniture-2.mysapo.net/tu-bnd-09.html]
[theme-furniture-2.mysapo.net/top-nhung-cach-phoi-mau-cho-can-phong-dep.html]
[theme-furniture-2.mysapo.net/phoi-mau-noi-that-phong-cach-hien-dai.html]
[theme-furniture-2.mysapo.net/10-cach-phoi-mau-cho-can-phong-dep.html]
[bizweb.dktcdn.net/100/210/557/themes/801960/assets/option-selectorsb60e.js]
[bizweb.dktcdn.net/assets/themes_support/api.jquery.js]
[bizweb.dktcdn.net/100/210/557/themes/801960/assets/owl.carousel.minb60e.js]
[maxcdn.bootstrapcdn.com/bootstrap/3.3.7/js/bootstrap.min.js]
[bizweb.dktcdn.net/thumb/large/assets/themes_support/noimage.gif]
[bizweb.dktcdn.net/100/210/557/themes/801960/assets/cs.scriptb60e.js]
[bizweb.dktcdn.net/100/210/557/themes/801960/assets/quickviewb60e.js]
[bizweb.dktcdn.net/100/210/557/themes/801960/assets/mainb60e.js]
[theme-furniture-2.mysapo.net/index.html]
[bizweb.dktcdn.net/100/210/557/themes/801960/assets/plugin.scssb60e.css]
[bizweb.dktcdn.net/100/210/557/themes/801960/assets/ico-selectd4ea.png]
[bizweb.dktcdn.net/100/210/557/themes/801960/assets/base.scssb60e.css]
[use.fontawesome.com/releases/v5.7.2/css/all.css]
[bizweb.dktcdn.net/100/210/557/themes/801960/assets/bg-menu2ea9e.png]
[bizweb.dktcdn.net/100/210/557/themes/801960/assets/style.scssb60e.css]
[bizweb.dktcdn.net/100/210/557/themes/801960/assets/update.scssb60e.css]
[bizweb.dktcdn.net/100/210/557/themes/801960/assets/module.scssb60e.css]
[bizweb.dktcdn.net/100/210/557/themes/801960/assets/responsive.scssb60e.css]
[theme-furniture-2.mysapo.net/s.html]
[theme-furniture-2.mysapo.net/cdn-cgi/l/email-protection.html]
[bizweb.dktcdn.net/assets/themes_support/bizweb-api.js]
[bizweb.dktcdn.net/assets/themes_support/common.js]
[bizweb.dktcdn.net/assets/themes_support/customer.js]
[theme-furniture-2.mysapo.net/account/logina3b1.html]
[bizweb.dktcdn.net/100/210/557/themes/801960/assets/account_order_style.scssb60e.css]
[www.google.com/recaptcha/apif78f.js]
[theme-furniture-2.mysapo.net/account/register.html]
[theme-furniture-2.mysapo.net/account/login.html]
[theme-furniture-2.mysapo.net/cart.html]
[bizweb.dktcdn.net/100/210/557/themes/801960/assets/collectionb60e.jpg]
[theme-furniture-2.mysapo.net/rem-cua-09.html]
[theme-furniture-2.mysapo.net/rem-cua-08.html]
[theme-furniture-2.mysapo.net/rem-cua-07.html]
[theme-furniture-2.mysapo.net/rem-cua-06.html]
[theme-furniture-2.mysapo.net/rem-cua-05.html]
[theme-furniture-2.mysapo.net/rem-cua-04.html]
[theme-furniture-2.mysapo.net/rem-cua-03.html]
[theme-furniture-2.mysapo.net/rem-cua-02.html]
[theme-furniture-2.mysapo.net/rem-cua-01.html]
[theme-furniture-2.mysapo.net/tu-hip-091.html]
[bizweb.dktcdn.net/100/210/557/themes/801960/assets/search_filterb60e.js]
[bizweb.dktcdn.net/100/210/557/themes/801960/assets/jquery-ui.minb60e.css]
[bizweb.dktcdn.net/100/210/557/themes/801960/assets/jquery-ui.minb60e.js]
[cdnjs.cloudflare.com/ajax/libs/jqueryui-touch-punch/0.2.3/jquery.ui.touch-punch.min.js]
[bizweb.dktcdn.net/100/210/557/themes/801960/assets/aside_bannerb60e.png]
[bizweb.dktcdn.net/thumb/small/100/210/557/products/indie07540920321zoomda81.jpg]
[theme-furniture-2.mysapo.net/collections/all/products/tu-hug-90.html]
[bizweb.dktcdn.net/thumb/small/100/210/557/products/elmwood87167474911zoomb26b.jpg]
[theme-furniture-2.mysapo.net/collections/all/products/tu-bnd-09.html]
[bizweb.dktcdn.net/thumb/small/100/210/557/products/bigsmile31702024221zoomb977.jpg]
[theme-furniture-2.mysapo.net/collections/all/products/tu-qtr-01.html]
[theme-furniture-2.mysapo.net/collections/all.html]
[bizweb.dktcdn.net/thumb/small/100/210/557/products/bigsmile30874024221zoomec92.jpg]
[theme-furniture-2.mysapo.net/collections/all/products/tu-ao-hut.html]
[theme-furniture-2.mysapo.net/collections/san-pham-khuyen-mai/products/tu-hug-90.html]
[theme-furniture-2.mysapo.net/collections/san-pham-khuyen-mai/products/tu-bnd-09.html]
[theme-furniture-2.mysapo.net/collections/san-pham-khuyen-mai/products/tu-qtr-01.html]
[theme-furniture-2.mysapo.net/san-pham-khuyen-mai.html]
[theme-furniture-2.mysapo.net/collections/san-pham-khuyen-mai/products/tu-ao-hut.html]
[theme-furniture-2.mysapo.net/moc-treo-thong-minh.html]
[theme-furniture-2.mysapo.net/gia-treo-khan-interdesign.html]
[theme-furniture-2.mysapo.net/bong-den-dty.html]
[theme-furniture-2.mysapo.net/ke-chua-xa-phong.html]
[theme-furniture-2.mysapo.net/thanh-sat-treo-khan.html]
[theme-furniture-2.mysapo.net/thanh-treo-giay-ve-sinh.html]
[theme-furniture-2.mysapo.net/ban-bar-dai-kinh-dep.html]
[theme-furniture-2.mysapo.net/collections/ban-ghe-go/products/tu-hug-90]
[theme-furniture-2.mysapo.net/collections/ban-ghe-go/products/tu-bnd-09]
[theme-furniture-2.mysapo.net/collections/ban-ghe-go/products/tu-qtr-01]
[theme-furniture-2.mysapo.net/collections/ban-ghe-go/products/tu-ao-hut]
[theme-furniture-2.mysapo.net/ban-ghe-go.html]
[theme-furniture-2.mysapo.net/ke-sach-3-ngan-ubl.html]
[theme-furniture-2.mysapo.net/gia-sach-treo-hurakids-2130-002-1.html]
[theme-furniture-2.mysapo.net/ke-trang-tri-rubik-modulo-home-1846.html]
[theme-furniture-2.mysapo.net/ke-sach-big-one-vietnam-spr-1980dk.html]
[theme-furniture-2.mysapo.net/collections/bo-ban-ghe/products/tu-hug-90]
[theme-furniture-2.mysapo.net/collections/bo-ban-ghe/products/tu-bnd-09]
[theme-furniture-2.mysapo.net/collections/bo-ban-ghe/products/tu-qtr-01]
[theme-furniture-2.mysapo.net/collections/bo-ban-ghe/products/tu-ao-hut]
[theme-furniture-2.mysapo.net/bo-ban-ghe.html]
[theme-furniture-2.mysapo.net/giuong-ngu-jangin-plato-1-8m-1.html]
[theme-furniture-2.mysapo.net/giuong-gulio-239.html]
[theme-furniture-2.mysapo.net/giuong-bellasofa-b1239.html]
[theme-furniture-2.mysapo.net/giuong-ngu-furniland-jangin-christine-1m8.html]
[theme-furniture-2.mysapo.net/giuong-ngu-furniland-jangin-haim-1-8m.html]
[theme-furniture-2.mysapo.net/giuong-bellasofa-bs701.html]
[theme-furniture-2.mysapo.net/collections/ghe-tua/products/tu-hug-90]
[theme-furniture-2.mysapo.net/collections/ghe-tua/products/tu-bnd-09]
[theme-furniture-2.mysapo.net/collections/ghe-tua/products/tu-qtr-01]
[theme-furniture-2.mysapo.net/collections/ghe-tua/products/tu-ao-hut]
[theme-furniture-2.mysapo.net/ghe-tua.html]
[theme-furniture-2.mysapo.net/collections/san-pham-noi-bat/products/tu-hug-90]
[theme-furniture-2.mysapo.net/collections/san-pham-noi-bat/products/tu-bnd-09]
[theme-furniture-2.mysapo.net/collections/san-pham-noi-bat/products/tu-qtr-01]
[theme-furniture-2.mysapo.net/collections/san-pham-noi-bat/products/tu-ao-hut]
[theme-furniture-2.mysapo.net/san-pham-noi-bat.html]
[theme-furniture-2.mysapo.net/collections/phong-ngu/products/tu-hug-90.html]
[theme-furniture-2.mysapo.net/collections/phong-ngu/products/tu-bnd-09.html]
[theme-furniture-2.mysapo.net/collections/phong-ngu/products/tu-qtr-01.html]
[theme-furniture-2.mysapo.net/phong-ngu.html]
[bizweb.dktcdn.net/thumb/large/100/210/557/articles/blog-detail-3b2beed9-bf42-466e-a845-47c3dcbd04e7-f64c0fdd-155d-4265-b9db-a10fcce7c2acff87.jpg]
[theme-furniture-2.mysapo.net/collections/phong-ngu/products/tu-ao-hut.html]
[bizweb.dktcdn.net/thumb/large/100/210/557/articles/blog-036a33.jpg]
[bizweb.dktcdn.net/thumb/large/100/210/557/articles/blog-02febf.jpg]
[theme-furniture-2.mysapo.net/10-cach-phoi-mau-cho-can-phong-dep-1.html]
[bizweb.dktcdn.net/thumb/large/100/210/557/articles/blog-detail-3b2beed9-bf42-466e-a845-47c3dcbd04e76943.jpg]
[theme-furniture-2.mysapo.net/tin-tuc4658.html]
[theme-furniture-2.mysapo.net/blogs/all/tagged/bizweb.html]
[theme-furniture-2.mysapo.net/blogs/all/tagged/dkt.html]
[theme-furniture-2.mysapo.net/blogs/all/tagged/furniture.html]
[theme-furniture-2.mysapo.net/blogs/all/tagged/nha-cua.html]
[bizweb.dktcdn.net/thumb/small/100/210/557/articles/blog-detail-3b2beed9-bf42-466e-a845-47c3dcbd04e7-f64c0fdd-155d-4265-b9db-a10fcce7c2acff87.jpg]
[theme-furniture-2.mysapo.net/blogs/all/tagged/noi-that.html]
[bizweb.dktcdn.net/thumb/small/100/210/557/articles/blog-036a33.jpg]
[theme-furniture-2.mysapo.net/blogs/all/tagged/trang-tri.html]
[bizweb.dktcdn.net/thumb/small/100/210/557/articles/blog-02febf.jpg]
[bizweb.dktcdn.net/thumb/small/100/210/557/articles/blog-detail-3b2beed9-bf42-466e-a845-47c3dcbd04e76943.jpg]
[theme-furniture-2.mysapo.net/tin-tuc.html]
[theme-furniture-2.mysapo.net/gioi-thieu.html]
[theme-furniture-2.mysapo.net/lien-he.html]
[bizweb.dktcdn.net/100/210/557/themes/801960/assets/jquery.gmap.minb60e.js]
[theme-furniture-2.mysapo.net/sopha-don-dep-gia-re-1.html]
[theme-furniture-2.mysapo.net/ban-khach-tron-kinh.html]
[theme-furniture-2.mysapo.net/ban-khach-vuong-kinh.html]
[theme-furniture-2.mysapo.net/ban-cafe-tron-go-dep.html]
[theme-furniture-2.mysapo.net/sopha-don-dep-gia-re.html]
[theme-furniture-2.mysapo.net/sofa-don-sfd18.html]
[theme-furniture-2.mysapo.net/ghe-sopha-don-em-ai.html]
[theme-furniture-2.mysapo.net/collections/ghe-sofa/products/tu-hug-90]
[theme-furniture-2.mysapo.net/collections/ghe-sofa/products/tu-bnd-09]
[theme-furniture-2.mysapo.net/collections/ghe-sofa/products/tu-qtr-01]
[theme-furniture-2.mysapo.net/collections/ghe-sofa/products/tu-ao-hut]
[theme-furniture-2.mysapo.net/ghe-sofa.html]
[theme-furniture-2.mysapo.net/ke-sach-5-ngan-ubl.html]
[theme-furniture-2.mysapo.net/collections/ban-lam-viec/products/tu-hug-90]
[theme-furniture-2.mysapo.net/collections/ban-lam-viec/products/tu-bnd-09]
[theme-furniture-2.mysapo.net/collections/ban-lam-viec/products/tu-qtr-01]
[theme-furniture-2.mysapo.net/collections/ban-lam-viec/products/tu-ao-hut]
[theme-furniture-2.mysapo.net/ban-lam-viec.html]
[bizweb.dktcdn.net/thumb/grande/100/210/557/products/39e2f1.jpg]
[bizweb.dktcdn.net/thumb/1024x1024/100/210/557/products/39e2f1.jpg]
[bizweb.dktcdn.net/100/210/557/products/39e2f1.jpg]
[bizweb.dktcdn.net/thumb/large/100/005/781/products/398d7b.jpg]
[bizweb.dktcdn.net/thumb/large/100/005/781/products/en-trang-tri-vach-netviet-nv-016-led-1111-1697031-1-webp-zooma200.jpg]
[bizweb.dktcdn.net/100/210/557/themes/801960/assets/lightboxb60e.css]
[theme-furniture-2.mysapo.net/den-trang-tri-vach-netviet-nv-016.html]
[bizweb.dktcdn.net/100/210/557/themes/801960/assets/jquery.prettyphoto.init.min367ab60e.js]
[bizweb.dktcdn.net/100/210/557/themes/801960/assets/jquery.prettyphoto.min005eb60e.js]
[bizweb.dktcdn.net/thumb/grande/100/210/557/products/37e679.jpg]
[bizweb.dktcdn.net/100/210/557/themes/801960/assets/jquery.elevatezoom308.minb60e.js]
[bizweb.dktcdn.net/thumb/1024x1024/100/210/557/products/37e679.jpg]
[bizweb.dktcdn.net/100/210/557/products/37e679.jpg]
[bizweb.dktcdn.net/thumb/large/100/005/781/products/37d26c.jpg]
[bizweb.dktcdn.net/thumb/large/100/005/781/products/en-trang-tri-vach-cao-cap-pha-le-netviet-nv-9005-2-led-6437-6791031-1-webp-zoom9c9d.jpg]
[theme-furniture-2.mysapo.net/den-trang-tri-vach-cao-cap-pha-le-netviet-nv-9005-2.html]
[bizweb.dktcdn.net/thumb/grande/100/210/557/products/82dd513b5ca0b4e058c5f74ac5700b5380.jpg]
[bizweb.dktcdn.net/thumb/1024x1024/100/210/557/products/82dd513b5ca0b4e058c5f74ac5700b5380.jpg]
[bizweb.dktcdn.net/100/210/557/products/82dd513b5ca0b4e058c5f74ac5700b5380.jpg]
[bizweb.dktcdn.net/thumb/large/100/005/781/products/8-2dd513b5-ca0b-4e05-8c5f-74ac5700b327435d.jpg]
[bizweb.dktcdn.net/thumb/large/100/005/781/products/en-trang-tri-vach-cao-cap-netviet-nv-8825-5853-0191031-1-webp-zoom748e.jpg]
[theme-furniture-2.mysapo.net/den-trang-tri-vach-cao-cap-netviet-nv-8825.html]
[bizweb.dktcdn.net/thumb/grande/100/210/557/products/9ad67.jpg]
[bizweb.dktcdn.net/thumb/1024x1024/100/210/557/products/9ad67.jpg]
[bizweb.dktcdn.net/100/210/557/products/9ad67.jpg]
[bizweb.dktcdn.net/thumb/large/100/005/781/products/92193.jpg]
[bizweb.dktcdn.net/thumb/large/100/005/781/products/en-trang-tri-vach-netviet-nv-8205-1-0833-2650521-1-webp-zoom2341.jpg]
[theme-furniture-2.mysapo.net/den-trang-tri-vach-netviet-nv-8205-1.html]
[bizweb.dktcdn.net/thumb/grande/100/210/557/products/620cf.jpg]
[bizweb.dktcdn.net/thumb/1024x1024/100/210/557/products/620cf.jpg]
[bizweb.dktcdn.net/100/210/557/products/620cf.jpg]
[bizweb.dktcdn.net/thumb/large/100/005/781/products/6c23d.jpg]
[bizweb.dktcdn.net/thumb/large/100/005/781/products/en-tuong-composite-an-phuoc-b948-2649-445832-1-zoom09a8.jpg]
[theme-furniture-2.mysapo.net/den-tuong-composite-an-phuoc-b948.html]
[bizweb.dktcdn.net/thumb/grande/100/210/557/products/47fd9.jpg]
[bizweb.dktcdn.net/thumb/1024x1024/100/210/557/products/47fd9.jpg]
[bizweb.dktcdn.net/100/210/557/products/47fd9.jpg]
[bizweb.dktcdn.net/thumb/large/100/005/781/products/4dc17.jpg]
[bizweb.dktcdn.net/thumb/large/100/005/781/products/en-treo-pha-le-green-light-led-2632-trang-8490-350849-1-zoomf8e4.jpg]
[theme-furniture-2.mysapo.net/den-treo-pha-le-green-light.html]
[bizweb.dktcdn.net/thumb/grande/100/210/557/products/elmwood88591626222zoomf5a07d81e9cd.jpg]
[bizweb.dktcdn.net/thumb/1024x1024/100/210/557/products/elmwood88591626222zoomf5a07d81e9cd.jpg]
[bizweb.dktcdn.net/100/210/557/products/elmwood88591626222zoomf5a07d81e9cd.jpg]
[bizweb.dktcdn.net/thumb/large/100/005/781/products/elmwood-8859-162622-2-zoom-f5a07d81-63c8-4cfa-b614-57a46ebb02250b42.jpg]
[theme-furniture-2.mysapo.net/giuong-bmy.html]
[bizweb.dktcdn.net/thumb/large/100/005/781/products/living-express-8248-033412-4-zoomad0f.jpg]
[bizweb.dktcdn.net/thumb/grande/100/210/557/products/tulip89482122121zoom872c.jpg]
[bizweb.dktcdn.net/thumb/1024x1024/100/210/557/products/tulip89482122121zoom872c.jpg]
[bizweb.dktcdn.net/100/210/557/products/tulip89482122121zoom872c.jpg]
[bizweb.dktcdn.net/thumb/large/100/005/781/products/tulip-8948-212212-1-zooma8ee.jpg]
[bizweb.dktcdn.net/thumb/large/100/005/781/products/tulip-8949-212212-3-zoomcfd1.jpg]
[theme-furniture-2.mysapo.net/giuong-ngu-gn-016.html]
[bizweb.dktcdn.net/thumb/grande/100/210/557/products/indie03582230321zoomc6e9.jpg]
[bizweb.dktcdn.net/thumb/1024x1024/100/210/557/products/indie03582230321zoomc6e9.jpg]
[bizweb.dktcdn.net/100/210/557/products/indie03582230321zoomc6e9.jpg]
[bizweb.dktcdn.net/thumb/large/100/005/781/products/indie-0358-223032-1-zoom4e6b.jpg]
[bizweb.dktcdn.net/thumb/large/100/005/781/products/indie-0359-223032-2-zoom58a0.jpg]
[theme-furniture-2.mysapo.net/ke-sach-5-tang-ubl.html]
[bizweb.dktcdn.net/thumb/grande/100/210/557/products/indie07797920321zoom38ad.jpg]
[bizweb.dktcdn.net/thumb/1024x1024/100/210/557/products/indie07797920321zoom38ad.jpg]
[bizweb.dktcdn.net/100/210/557/products/indie07797920321zoom38ad.jpg]
[bizweb.dktcdn.net/thumb/large/100/005/781/products/indie-0779-792032-1-zoomd40b.jpg]
[bizweb.dktcdn.net/thumb/large/100/005/781/products/indie-0780-792032-2-zoom474f.jpg]
[theme-furniture-2.mysapo.net/ke-sach-big-one-vietnam-spr-1690prtdk.html]
[bizweb.dktcdn.net/thumb/grande/100/210/557/products/alexdaisy04517243221zoomd900.jpg]
[bizweb.dktcdn.net/thumb/1024x1024/100/210/557/products/alexdaisy04517243221zoomd900.jpg]
[bizweb.dktcdn.net/100/210/557/products/alexdaisy04517243221zoomd900.jpg]
[bizweb.dktcdn.net/thumb/large/100/005/781/products/alex-daisy-0451-724322-1-zoom051c.jpg]
[bizweb.dktcdn.net/thumb/large/100/005/781/products/alex-daisy-0452-724322-2-zoomf9eb.jpg]
[theme-furniture-2.mysapo.net/tu-quan-ao-big-one-vietnam-wvr-1855l.html]
[bizweb.dktcdn.net/thumb/grande/100/210/557/products/alexdaisy18858943221zoomf999.jpg]
[bizweb.dktcdn.net/thumb/1024x1024/100/210/557/products/alexdaisy18858943221zoomf999.jpg]
[bizweb.dktcdn.net/100/210/557/products/alexdaisy18858943221zoomf999.jpg]
[theme-furniture-2.mysapo.net/tu-ao-b1241k.html]
[bizweb.dktcdn.net/thumb/grande/100/210/557/products/bigsmile30816024221zoom3aa3.jpg]
[bizweb.dktcdn.net/thumb/1024x1024/100/210/557/products/bigsmile30816024221zoom3aa3.jpg]
[bizweb.dktcdn.net/100/210/557/products/bigsmile30816024221zoom3aa3.jpg]
[bizweb.dktcdn.net/thumb/large/100/005/781/products/bigsmile-3081-602422-1-zoomdc66.jpg]
[bizweb.dktcdn.net/thumb/large/100/005/781/products/bigsmile-3081-602422-2-zoom30b3.jpg]
[theme-furniture-2.mysapo.net/tu-ao-bellasofa-b1239.html]
[bizweb.dktcdn.net/thumb/grande/100/210/557/products/bigsmile30845024221zoom7bd9.jpg]
[bizweb.dktcdn.net/thumb/1024x1024/100/210/557/products/bigsmile30845024221zoom7bd9.jpg]
[bizweb.dktcdn.net/100/210/557/products/bigsmile30845024221zoom7bd9.jpg]
[bizweb.dktcdn.net/thumb/large/100/005/781/products/bigsmile-3084-502422-1-zoom65c0.jpg]
[bizweb.dktcdn.net/thumb/large/100/005/781/products/bigsmile-3085-502422-3-zoom95be.jpg]
[theme-furniture-2.mysapo.net/tu-ao-b1238.html]
[bizweb.dktcdn.net/thumb/grande/100/210/557/products/bigsmile30874024221zoomec92.jpg]
[bizweb.dktcdn.net/thumb/1024x1024/100/210/557/products/bigsmile30874024221zoomec92.jpg]
[bizweb.dktcdn.net/100/210/557/products/bigsmile30874024221zoomec92.jpg]
[bizweb.dktcdn.net/thumb/large/100/005/781/products/bigsmile-3087-402422-1-zooma6c4.jpg]
[bizweb.dktcdn.net/thumb/large/100/005/781/products/bigsmile-3088-402422-2-zoom5033.jpg]
[theme-furniture-2.mysapo.net/tu-ao-hut.html]
[bizweb.dktcdn.net/thumb/grande/100/210/557/products/bigsmile31702024221zoomb977.jpg]
[bizweb.dktcdn.net/thumb/1024x1024/100/210/557/products/bigsmile31702024221zoomb977.jpg]
[bizweb.dktcdn.net/100/210/557/products/bigsmile31702024221zoomb977.jpg]
[bizweb.dktcdn.net/thumb/large/100/005/781/products/bigsmile-3170-202422-1-zoom1f90.jpg]
[bizweb.dktcdn.net/thumb/large/100/005/781/products/bigsmile-3170-202422-2-zoom9893.jpg]
[theme-furniture-2.mysapo.net/tu-qtr-01.html]
[bizweb.dktcdn.net/thumb/grande/100/210/557/products/livingexpress57588224121zoom214e.jpg]
[bizweb.dktcdn.net/thumb/1024x1024/100/210/557/products/livingexpress57588224121zoom214e.jpg]
[bizweb.dktcdn.net/100/210/557/products/livingexpress57588224121zoom214e.jpg]
[bizweb.dktcdn.net/thumb/large/100/005/781/products/19126.jpg]
[bizweb.dktcdn.net/thumb/large/100/005/781/products/1-1f1de.jpg]
[theme-furniture-2.mysapo.net/ban-cafe-tron.html]
[bizweb.dktcdn.net/thumb/grande/100/210/557/products/forzza62211640121zoom181f.jpg]
[bizweb.dktcdn.net/thumb/1024x1024/100/210/557/products/forzza62211640121zoom181f.jpg]
[bizweb.dktcdn.net/100/210/557/products/forzza62211640121zoom181f.jpg]
[bizweb.dktcdn.net/thumb/large/100/005/781/products/22-1-1-1aa4.jpg]
[bizweb.dktcdn.net/thumb/large/100/005/781/products/22-2af50.jpg]
[theme-furniture-2.mysapo.net/ban-cafe-vuong-kinh.html]
[bizweb.dktcdn.net/thumb/grande/100/210/557/products/elmwood30892881911zoom6d43.jpg]
[bizweb.dktcdn.net/thumb/1024x1024/100/210/557/products/elmwood30892881911zoom6d43.jpg]
[bizweb.dktcdn.net/100/210/557/products/elmwood30892881911zoom6d43.jpg]
[bizweb.dktcdn.net/thumb/large/100/005/781/products/17-19e6e.jpg]
[bizweb.dktcdn.net/thumb/large/100/005/781/products/17-25c6d.jpg]
[theme-furniture-2.mysapo.net/ban-uong-cafe-go-dep.html]
[bizweb.dktcdn.net/thumb/grande/100/210/557/products/elmwood30931881911zoomd106.jpg]
[bizweb.dktcdn.net/thumb/1024x1024/100/210/557/products/elmwood30931881911zoomd106.jpg]
[bizweb.dktcdn.net/100/210/557/products/elmwood30931881911zoomd106.jpg]
[bizweb.dktcdn.net/thumb/large/100/005/781/products/18-18901.jpg]
[bizweb.dktcdn.net/thumb/large/100/005/781/products/18-20b9b.jpg]
[theme-furniture-2.mysapo.net/ban-uong-cafe-go-dai.html]
[bizweb.dktcdn.net/thumb/grande/100/210/557/products/solide41335106321zoom4277.jpg]
[bizweb.dktcdn.net/thumb/1024x1024/100/210/557/products/solide41335106321zoom4277.jpg]
[bizweb.dktcdn.net/100/210/557/products/solide41335106321zoom4277.jpg]
[bizweb.dktcdn.net/thumb/large/100/005/781/products/8e48b.jpg]
[bizweb.dktcdn.net/thumb/large/100/005/781/products/8-1c93a.jpg]
[theme-furniture-2.mysapo.net/ban-uong-cafe-dai.html]
[bizweb.dktcdn.net/thumb/grande/100/210/557/products/pp14258500321zoom7ba2.jpg]
[bizweb.dktcdn.net/thumb/1024x1024/100/210/557/products/pp14258500321zoom7ba2.jpg]
[bizweb.dktcdn.net/100/210/557/products/pp14258500321zoom7ba2.jpg]
[bizweb.dktcdn.net/thumb/large/100/005/781/products/31-131be.jpg]
[theme-furniture-2.mysapo.net/sofa-don-sfd01.html]
[bizweb.dktcdn.net/thumb/grande/100/210/557/products/pp14284500321zoom082d.jpg]
[bizweb.dktcdn.net/thumb/1024x1024/100/210/557/products/pp14284500321zoom082d.jpg]
[bizweb.dktcdn.net/100/210/557/products/pp14284500321zoom082d.jpg]
[bizweb.dktcdn.net/thumb/large/100/005/781/products/41-2f716.jpg]
[bizweb.dktcdn.net/thumb/large/100/005/781/products/41-192b8.jpg]
[theme-furniture-2.mysapo.net/ghe-sopha-don-dep.html]
[bizweb.dktcdn.net/thumb/grande/100/210/557/products/pp14292500321zoomca01.jpg]
[bizweb.dktcdn.net/thumb/1024x1024/100/210/557/products/pp14292500321zoomca01.jpg]
[bizweb.dktcdn.net/100/210/557/products/pp14292500321zoomca01.jpg]
[bizweb.dktcdn.net/thumb/large/100/005/781/products/32-23663.jpg]
[bizweb.dktcdn.net/thumb/large/100/005/781/products/32-176fb.jpg]
[theme-furniture-2.mysapo.net/sofa-don-sfd16.html]
[bizweb.dktcdn.net/thumb/grande/100/210/557/products/solide40632406321zoom7c51.jpg]
[bizweb.dktcdn.net/thumb/1024x1024/100/210/557/products/solide40632406321zoom7c51.jpg]
[bizweb.dktcdn.net/100/210/557/products/solide40632406321zoom7c51.jpg]
[bizweb.dktcdn.net/thumb/large/100/005/781/products/solide-4063-240632-1-zoom7ff3.jpg]
[bizweb.dktcdn.net/thumb/large/100/005/781/products/solide-4086-240632-3-zoom6c55.jpg]
[theme-furniture-2.mysapo.net/ke-sach-go-4-tang-40.html]
[bizweb.dktcdn.net/thumb/grande/100/210/557/products/alexdaisy09478143221zooma271.jpg]
[bizweb.dktcdn.net/thumb/1024x1024/100/210/557/products/alexdaisy09478143221zooma271.jpg]
[bizweb.dktcdn.net/100/210/557/products/alexdaisy09478143221zooma271.jpg]
[bizweb.dktcdn.net/thumb/large/100/005/781/products/alex-daisy-0947-814322-1-zoom2841.jpg]
[bizweb.dktcdn.net/thumb/large/100/005/781/products/alex-daisy-0947-814322-2-zoomfcd3.jpg]
[theme-furniture-2.mysapo.net/gia-sach-treo-hurakids-2130-002.html]
[bizweb.dktcdn.net/thumb/grande/100/210/557/products/lightliving68071172021zoom7337.jpg]
[bizweb.dktcdn.net/thumb/1024x1024/100/210/557/products/lightliving68071172021zoom7337.jpg]
[bizweb.dktcdn.net/100/210/557/products/lightliving68071172021zoom7337.jpg]
[theme-furniture-2.mysapo.net/den-vach-kinh-nv-86664.html]
[bizweb.dktcdn.net/thumb/grande/100/210/557/products/rea11e.jpg]
[bizweb.dktcdn.net/thumb/1024x1024/100/210/557/products/rea11e.jpg]
[bizweb.dktcdn.net/100/210/557/products/rea11e.jpg]
[theme-furniture-2.mysapo.net/den-trang-tri-vach-cao-cap-yui.html]
[bizweb.dktcdn.net/thumb/grande/100/210/557/products/lightliving01770025321zoom12d7794d.jpg]
[bizweb.dktcdn.net/thumb/1024x1024/100/210/557/products/lightliving01770025321zoom12d7794d.jpg]
[bizweb.dktcdn.net/100/210/557/products/lightliving01770025321zoom12d7794d.jpg]
[theme-furniture-2.mysapo.net/den-trang-tri-tru-cong-netviet-nvt-1.html]
[bizweb.dktcdn.net/thumb/grande/100/210/557/products/krm12132814011zoom4196.jpg]
[bizweb.dktcdn.net/thumb/1024x1024/100/210/557/products/krm12132814011zoom4196.jpg]
[bizweb.dktcdn.net/100/210/557/products/krm12132814011zoom4196.jpg]
[theme-furniture-2.mysapo.net/khay-dung-xa-phong.html]
[bizweb.dktcdn.net/thumb/grande/100/210/557/products/krm1286905491zoomca04.jpg]
[bizweb.dktcdn.net/thumb/1024x1024/100/210/557/products/krm1286905491zoomca04.jpg]
[bizweb.dktcdn.net/100/210/557/products/krm1286905491zoomca04.jpg]
[theme-furniture-2.mysapo.net/thanh-dung-xa-phong.html]
[bizweb.dktcdn.net/thumb/grande/100/210/557/products/krm1260145491zoomaf05.jpg]
[bizweb.dktcdn.net/thumb/1024x1024/100/210/557/products/krm1260145491zoomaf05.jpg]
[bizweb.dktcdn.net/100/210/557/products/krm1260145491zoomaf05.jpg]
[theme-furniture-2.mysapo.net/thanh-sat-tfu.html]
[bizweb.dktcdn.net/thumb/grande/100/210/557/products/indie07540920321zoomda81.jpg]
[bizweb.dktcdn.net/thumb/1024x1024/100/210/557/products/indie07540920321zoomda81.jpg]
[bizweb.dktcdn.net/100/210/557/products/indie07540920321zoomda81.jpg]
[bizweb.dktcdn.net/thumb/large/100/005/781/products/indie-0754-092032-1-zoom607f.jpg]
[bizweb.dktcdn.net/thumb/large/100/005/781/products/indie-0755-092032-2-zoom9311.jpg]
[theme-furniture-2.mysapo.net/tu-hug-90.html]
[bizweb.dktcdn.net/thumb/grande/100/210/557/products/elmwood87167474911zoomb26b.jpg]
[bizweb.dktcdn.net/thumb/1024x1024/100/210/557/products/elmwood87167474911zoomb26b.jpg]
[bizweb.dktcdn.net/100/210/557/products/elmwood87167474911zoomb26b.jpg]
[bizweb.dktcdn.net/thumb/large/100/005/781/products/elmwood-8716-747491-1-zoom0a7e.jpg]
[bizweb.dktcdn.net/thumb/large/100/005/781/products/elmwood-8720-747491-2-zoome5dc.jpg]
[theme-furniture-2.mysapo.net/tu-bnd-09.html]
[bizweb.dktcdn.net/thumb/grande/100/210/557/articles/blog-detail-3b2beed9-bf42-466e-a845-47c3dcbd04e7-f64c0fdd-155d-4265-b9db-a10fcce7c2acff87.jpg]
[bizweb.dktcdn.net/100/210/557/articles/blog-detail-3b2beed9-bf42-466e-a845-47c3dcbd04e7-f64c0fdd-155d-4265-b9db-a10fcce7c2acff87.jpg]
[theme-furniture-2.mysapo.net/top-nhung-cach-phoi-mau-cho-can-phong-dep.html]
[bizweb.dktcdn.net/thumb/grande/100/210/557/articles/blog-036a33.jpg]
[bizweb.dktcdn.net/100/210/557/articles/blog-036a33.jpg]
[theme-furniture-2.mysapo.net/phoi-mau-noi-that-phong-cach-hien-dai.html]
[bizweb.dktcdn.net/thumb/grande/100/210/557/articles/blog-02febf.jpg]
[bizweb.dktcdn.net/100/210/557/articles/blog-02febf.jpg]
[theme-furniture-2.mysapo.net/10-cach-phoi-mau-cho-can-phong-dep.html]
[use.fontawesome.com/releases/v5.7.2/css/all.css]
[bizweb.dktcdn.net/100/210/557/themes/801960/assets/ico-selectea9e.png]
[bizweb.dktcdn.net/100/210/557/themes/801960/assets/account_order_style.scssb60e.css]
[bizweb.dktcdn.net/thumb/grande/100/210/557/products/swayam36787173021zoom815c.jpg]
[bizweb.dktcdn.net/thumb/1024x1024/100/210/557/products/swayam36787173021zoom815c.jpg]
[bizweb.dktcdn.net/100/210/557/products/swayam36787173021zoom815c.jpg]
[bizweb.dktcdn.net/thumb/large/100/005/781/products/swayam-3678-717302-1-zoomf720.jpg]
[bizweb.dktcdn.net/thumb/large/100/005/781/products/swayam-6961-06396-2-zoom92d4.jpg]
[theme-furniture-2.mysapo.net/rem-cua-09.html]
[bizweb.dktcdn.net/thumb/grande/100/210/557/products/swayam83062419911zoom2177.jpg]
[bizweb.dktcdn.net/thumb/1024x1024/100/210/557/products/swayam83062419911zoom2177.jpg]
[bizweb.dktcdn.net/100/210/557/products/swayam83062419911zoom2177.jpg]
[bizweb.dktcdn.net/thumb/large/100/005/781/products/swayam-8306-241991-1-zoome094.jpg]
[bizweb.dktcdn.net/thumb/large/100/005/781/products/swayam-8307-141991-1-zoom6999.jpg]
[theme-furniture-2.mysapo.net/rem-cua-08.html]
[bizweb.dktcdn.net/thumb/grande/100/210/557/products/swayam83592760321zoomc7b6.jpg]
[bizweb.dktcdn.net/thumb/1024x1024/100/210/557/products/swayam83592760321zoomc7b6.jpg]
[bizweb.dktcdn.net/100/210/557/products/swayam83592760321zoomc7b6.jpg]
[bizweb.dktcdn.net/thumb/large/100/005/781/products/swayam-8359-276032-1-zoom3c91.jpg]
[bizweb.dktcdn.net/thumb/large/100/005/781/products/swayam-8360-076032-1-zoom9b6e.jpg]
[theme-furniture-2.mysapo.net/rem-cua-07.html]
[bizweb.dktcdn.net/thumb/grande/100/210/557/products/swayam83628660321zoomae05.jpg]
[bizweb.dktcdn.net/thumb/1024x1024/100/210/557/products/swayam83628660321zoomae05.jpg]
[bizweb.dktcdn.net/100/210/557/products/swayam83628660321zoomae05.jpg]
[bizweb.dktcdn.net/thumb/large/100/005/781/products/swayam-8362-866032-1-zoom77d1.jpg]
[bizweb.dktcdn.net/thumb/large/100/005/781/products/swayam-9962-58641-1-zoom3e94.jpg]
[theme-furniture-2.mysapo.net/rem-cua-06.html]
[bizweb.dktcdn.net/thumb/grande/100/210/557/products/swayam47558173511zoom9ae8.jpg]
[bizweb.dktcdn.net/thumb/1024x1024/100/210/557/products/swayam47558173511zoom9ae8.jpg]
[bizweb.dktcdn.net/100/210/557/products/swayam47558173511zoom9ae8.jpg]
[bizweb.dktcdn.net/thumb/large/100/005/781/products/swayam-4755-817351-1-zoom99f8.jpg]
[theme-furniture-2.mysapo.net/rem-cua-05.html]
[bizweb.dktcdn.net/thumb/large/100/005/781/products/swayam-7541-26872-1-zoom220c.jpg]
[bizweb.dktcdn.net/thumb/grande/100/210/557/products/swayam47513273511zoom8d9b.jpg]
[bizweb.dktcdn.net/thumb/1024x1024/100/210/557/products/swayam47513273511zoom8d9b.jpg]
[bizweb.dktcdn.net/100/210/557/products/swayam47513273511zoom8d9b.jpg]
[bizweb.dktcdn.net/thumb/large/100/005/781/products/swayam-4751-327351-1-zoom2c59.jpg]
[bizweb.dktcdn.net/thumb/large/100/005/781/products/swayam-4752-227351-1-zoom8255.jpg]
[theme-furniture-2.mysapo.net/rem-cua-04.html]
[bizweb.dktcdn.net/thumb/grande/100/210/557/products/swayam2792700381zoom77a8.jpg]
[bizweb.dktcdn.net/thumb/1024x1024/100/210/557/products/swayam2792700381zoom77a8.jpg]
[bizweb.dktcdn.net/100/210/557/products/swayam2792700381zoom77a8.jpg]
[bizweb.dktcdn.net/thumb/large/100/005/781/products/swayam-2792-70038-1-zoom8282.jpg]
[bizweb.dktcdn.net/thumb/large/100/005/781/products/swayam-6960-06396-1-zoomed70.jpg]
[theme-furniture-2.mysapo.net/rem-cua-03.html]
[bizweb.dktcdn.net/thumb/grande/100/210/557/products/swayam1567369331zoomdbef.jpg]
[bizweb.dktcdn.net/thumb/1024x1024/100/210/557/products/swayam1567369331zoomdbef.jpg]
[bizweb.dktcdn.net/100/210/557/products/swayam1567369331zoomdbef.jpg]
[bizweb.dktcdn.net/thumb/large/100/005/781/products/swayam-1567-36933-1-zoom56cc.jpg]
[bizweb.dktcdn.net/thumb/large/100/005/781/products/swayam-4517-58302-1-zoom3376.jpg]
[theme-furniture-2.mysapo.net/rem-cua-02.html]
[bizweb.dktcdn.net/thumb/grande/100/210/557/products/swayam4520283021zoom2021.jpg]
[bizweb.dktcdn.net/thumb/1024x1024/100/210/557/products/swayam4520283021zoom2021.jpg]
[bizweb.dktcdn.net/100/210/557/products/swayam4520283021zoom2021.jpg]
[bizweb.dktcdn.net/thumb/large/100/005/781/products/swayam-4520-28302-1-zoom05ff.jpg]
[bizweb.dktcdn.net/thumb/large/100/005/781/products/swayam-0501-419381-1-zoom17f9.jpg]
[theme-furniture-2.mysapo.net/rem-cua-01.html]
[bizweb.dktcdn.net/thumb/grande/100/210/557/products/lookinggoodplus68288693221zoom0d8b.jpg]
[bizweb.dktcdn.net/thumb/1024x1024/100/210/557/products/lookinggoodplus68288693221zoom0d8b.jpg]
[bizweb.dktcdn.net/100/210/557/products/lookinggoodplus68288693221zoom0d8b.jpg]
[bizweb.dktcdn.net/thumb/large/100/005/781/products/looking-good-plus-6828-869322-1-zoom24af.jpg]
[bizweb.dktcdn.net/thumb/large/100/005/781/products/looking-good-plus-6829-869322-3-zoom4dad.jpg]
[theme-furniture-2.mysapo.net/tu-hip-091.html]
[bizweb.dktcdn.net/100/210/557/themes/801960/assets/jquery-ui.minb60e.css]
[theme-furniture-2.mysapo.net/collections/all/products/tu-hug-90.html]
[theme-furniture-2.mysapo.net/collections/all/products/tu-bnd-09.html]
[theme-furniture-2.mysapo.net/collections/all/products/tu-qtr-01.html]
[theme-furniture-2.mysapo.net/collections/all/products/tu-ao-hut.html]
[theme-furniture-2.mysapo.net/collections/san-pham-khuyen-mai/products/tu-hug-90.html]
[theme-furniture-2.mysapo.net/collections/san-pham-khuyen-mai/products/tu-bnd-09.html]
[theme-furniture-2.mysapo.net/collections/san-pham-khuyen-mai/products/tu-qtr-01.html]
[theme-furniture-2.mysapo.net/collections/san-pham-khuyen-mai/products/tu-ao-hut.html]
[bizweb.dktcdn.net/thumb/grande/100/210/557/products/krm1290405491zoom3e5e.jpg]
[bizweb.dktcdn.net/thumb/1024x1024/100/210/557/products/krm1290405491zoom3e5e.jpg]
[bizweb.dktcdn.net/100/210/557/products/krm1290405491zoom3e5e.jpg]
[theme-furniture-2.mysapo.net/moc-treo-thong-minh.html]
[bizweb.dktcdn.net/thumb/grande/100/210/557/products/krm05873789221zoomb948.jpg]
[bizweb.dktcdn.net/thumb/1024x1024/100/210/557/products/krm05873789221zoomb948.jpg]
[bizweb.dktcdn.net/100/210/557/products/krm05873789221zoomb948.jpg]
[theme-furniture-2.mysapo.net/gia-treo-khan-interdesign.html]
[bizweb.dktcdn.net/thumb/grande/100/210/557/products/krm06463299221zoom2191.jpg]
[bizweb.dktcdn.net/thumb/1024x1024/100/210/557/products/krm06463299221zoom2191.jpg]
[bizweb.dktcdn.net/100/210/557/products/krm06463299221zoom2191.jpg]
[theme-furniture-2.mysapo.net/bong-den-dty.html]
[bizweb.dktcdn.net/thumb/grande/100/210/557/products/krm1291205491zoom1883.jpg]
[bizweb.dktcdn.net/thumb/1024x1024/100/210/557/products/krm1291205491zoom1883.jpg]
[bizweb.dktcdn.net/100/210/557/products/krm1291205491zoom1883.jpg]
[theme-furniture-2.mysapo.net/ke-chua-xa-phong.html]
[bizweb.dktcdn.net/thumb/grande/100/210/557/products/krm24245505221zoom7fcf.jpg]
[bizweb.dktcdn.net/thumb/1024x1024/100/210/557/products/krm24245505221zoom7fcf.jpg]
[bizweb.dktcdn.net/100/210/557/products/krm24245505221zoom7fcf.jpg]
[theme-furniture-2.mysapo.net/thanh-sat-treo-khan.html]
[bizweb.dktcdn.net/thumb/grande/100/210/557/products/krm05796889221zoomminf9d2.jpg]
[bizweb.dktcdn.net/thumb/1024x1024/100/210/557/products/krm05796889221zoomminf9d2.jpg]
[bizweb.dktcdn.net/100/210/557/products/krm05796889221zoomminf9d2.jpg]
[bizweb.dktcdn.net/thumb/large/100/005/781/products/krm-0579-688922-1-zoom2ac5.jpg]
[bizweb.dktcdn.net/thumb/large/100/005/781/products/krm-1289-50549-1-zoom65f6.jpg]
[theme-furniture-2.mysapo.net/thanh-treo-giay-ve-sinh.html]
[bizweb.dktcdn.net/thumb/grande/100/210/557/products/solide41094753911zoom2a42.jpg]
[bizweb.dktcdn.net/thumb/1024x1024/100/210/557/products/solide41094753911zoom2a42.jpg]
[bizweb.dktcdn.net/100/210/557/products/solide41094753911zoom2a42.jpg]
[bizweb.dktcdn.net/thumb/large/100/005/781/products/25-14ab6.jpg]
[bizweb.dktcdn.net/thumb/large/100/005/781/products/25-2-1-bbed.jpg]
[theme-furniture-2.mysapo.net/ban-bar-dai-kinh-dep.html]
[theme-furniture-2.mysapo.net/collections/ban-ghe-go/products/tu-hug-90.html]
[theme-furniture-2.mysapo.net/collections/ban-ghe-go/products/tu-bnd-09.html]
[theme-furniture-2.mysapo.net/collections/ban-ghe-go/products/tu-qtr-01.html]
[theme-furniture-2.mysapo.net/collections/ban-ghe-go/products/tu-ao-hut.html]
[bizweb.dktcdn.net/thumb/grande/100/210/557/products/solide40918306321zoom25de.jpg]
[bizweb.dktcdn.net/thumb/1024x1024/100/210/557/products/solide40918306321zoom25de.jpg]
[bizweb.dktcdn.net/100/210/557/products/solide40918306321zoom25de.jpg]
[bizweb.dktcdn.net/thumb/large/100/005/781/products/solide-4091-830632-1-zoom7f56.jpg]
[bizweb.dktcdn.net/thumb/large/100/005/781/products/solide-4091-830632-2-zoom4af7.jpg]
[theme-furniture-2.mysapo.net/ke-sach-3-ngan-ubl.html]
[bizweb.dktcdn.net/thumb/grande/100/210/557/products/alexdaisy11049743221zoome00c.jpg]
[bizweb.dktcdn.net/thumb/1024x1024/100/210/557/products/alexdaisy11049743221zoome00c.jpg]
[bizweb.dktcdn.net/100/210/557/products/alexdaisy11049743221zoome00c.jpg]
[bizweb.dktcdn.net/thumb/large/100/005/781/products/alex-daisy-1104-974322-1-zoom1b00.jpg]
[bizweb.dktcdn.net/thumb/large/100/005/781/products/alex-daisy-1105-974322-2-zoom1945.jpg]
[theme-furniture-2.mysapo.net/gia-sach-treo-hurakids-2130-002-1.html]
[bizweb.dktcdn.net/thumb/grande/100/210/557/products/flip49056973121zoom534f.jpg]
[bizweb.dktcdn.net/thumb/1024x1024/100/210/557/products/flip49056973121zoom534f.jpg]
[bizweb.dktcdn.net/100/210/557/products/flip49056973121zoom534f.jpg]
[bizweb.dktcdn.net/thumb/large/100/005/781/products/flip-4905-697312-1-zoom2ecf.jpg]
[bizweb.dktcdn.net/thumb/large/100/005/781/products/ke-trang-tri-rubik-modulo-home-1846-xam-soi-2252-659811-1-webp-zoom4287.jpg]
[theme-furniture-2.mysapo.net/ke-trang-tri-rubik-modulo-home-1846.html]
[bizweb.dktcdn.net/thumb/grande/100/210/557/products/alexdaisy10810743221zoom7fdb.jpg]
[bizweb.dktcdn.net/thumb/1024x1024/100/210/557/products/alexdaisy10810743221zoom7fdb.jpg]
[bizweb.dktcdn.net/100/210/557/products/alexdaisy10810743221zoom7fdb.jpg]
[bizweb.dktcdn.net/thumb/large/100/005/781/products/alex-daisy-1081-074322-1-zoomb559.jpg]
[bizweb.dktcdn.net/thumb/large/100/005/781/products/alex-daisy-1082-074322-2-zoom221c.jpg]
[theme-furniture-2.mysapo.net/ke-sach-big-one-vietnam-spr-1980dk.html]
[theme-furniture-2.mysapo.net/collections/bo-ban-ghe/products/tu-hug-90.html]
[theme-furniture-2.mysapo.net/collections/bo-ban-ghe/products/tu-bnd-09.html]
[theme-furniture-2.mysapo.net/collections/bo-ban-ghe/products/tu-qtr-01.html]
[theme-furniture-2.mysapo.net/collections/bo-ban-ghe/products/tu-ao-hut.html]
[bizweb.dktcdn.net/thumb/grande/100/210/557/products/tulip88696812121zoom7688.jpg]
[bizweb.dktcdn.net/thumb/1024x1024/100/210/557/products/tulip88696812121zoom7688.jpg]
[bizweb.dktcdn.net/100/210/557/products/tulip88696812121zoom7688.jpg]
[bizweb.dktcdn.net/thumb/large/100/005/781/products/tulip-8869-681212-1-zoom73b7.jpg]
[bizweb.dktcdn.net/thumb/large/100/005/781/products/tulip-8870-681212-3-zoomc158.jpg]
[theme-furniture-2.mysapo.net/giuong-ngu-jangin-plato-1-8m-1.html]
[bizweb.dktcdn.net/thumb/grande/100/210/557/products/tulip89740022121zoomf182.jpg]
[bizweb.dktcdn.net/thumb/1024x1024/100/210/557/products/tulip89740022121zoomf182.jpg]
[bizweb.dktcdn.net/100/210/557/products/tulip89740022121zoomf182.jpg]
[bizweb.dktcdn.net/thumb/large/100/005/781/products/tulip-8974-002212-1-zoom27a2.jpg]
[bizweb.dktcdn.net/thumb/large/100/005/781/products/tulip-8975-002212-3-zoom1a46.jpg]
[theme-furniture-2.mysapo.net/giuong-gulio-239.html]
[bizweb.dktcdn.net/thumb/grande/100/210/557/products/tulip89435122121zoom5987.jpg]
[bizweb.dktcdn.net/thumb/1024x1024/100/210/557/products/tulip89435122121zoom5987.jpg]
[bizweb.dktcdn.net/100/210/557/products/tulip89435122121zoom5987.jpg]
[bizweb.dktcdn.net/thumb/large/100/005/781/products/tulip-8943-512212-1-zoom73ee.jpg]
[bizweb.dktcdn.net/thumb/large/100/005/781/products/tulip-8945-512212-3-zoom960a.jpg]
[theme-furniture-2.mysapo.net/giuong-bellasofa-b1239.html]
[bizweb.dktcdn.net/thumb/grande/100/210/557/products/tulip88785322121zoomd14e.jpg]
[bizweb.dktcdn.net/thumb/1024x1024/100/210/557/products/tulip88785322121zoomd14e.jpg]
[bizweb.dktcdn.net/100/210/557/products/tulip88785322121zoomd14e.jpg]
[bizweb.dktcdn.net/thumb/large/100/005/781/products/tulip-8878-532212-1-zoom3551.jpg]
[bizweb.dktcdn.net/thumb/large/100/005/781/products/tulip-8879-532212-2-zoom7ed4.jpg]
[theme-furniture-2.mysapo.net/giuong-ngu-furniland-jangin-christine-1m8.html]
[bizweb.dktcdn.net/thumb/grande/100/210/557/products/livingexpress82707134121zoom587c.jpg]
[bizweb.dktcdn.net/thumb/1024x1024/100/210/557/products/livingexpress82707134121zoom587c.jpg]
[bizweb.dktcdn.net/100/210/557/products/livingexpress82707134121zoom587c.jpg]
[bizweb.dktcdn.net/thumb/large/100/005/781/products/living-express-8270-713412-1-zoom3205.jpg]
[bizweb.dktcdn.net/thumb/large/100/005/781/products/living-express-8271-713412-3-zoom1329.jpg]
[theme-furniture-2.mysapo.net/giuong-ngu-furniland-jangin-haim-1-8m.html]
[bizweb.dktcdn.net/thumb/grande/100/210/557/products/elmwood88571626221zoom731e.jpg]
[bizweb.dktcdn.net/thumb/1024x1024/100/210/557/products/elmwood88571626221zoom731e.jpg]
[bizweb.dktcdn.net/100/210/557/products/elmwood88571626221zoom731e.jpg]
[bizweb.dktcdn.net/thumb/large/100/005/781/products/elmwood-8857-162622-1-zoomdcfd.jpg]
[bizweb.dktcdn.net/thumb/large/100/005/781/products/elmwood-8859-162622-2-zoomd86e.jpg]
[theme-furniture-2.mysapo.net/giuong-bellasofa-bs701.html]
[theme-furniture-2.mysapo.net/collections/ghe-tua/products/tu-hug-90.html]
[theme-furniture-2.mysapo.net/collections/ghe-tua/products/tu-bnd-09.html]
[theme-furniture-2.mysapo.net/collections/ghe-tua/products/tu-qtr-01.html]
[theme-furniture-2.mysapo.net/collections/ghe-tua/products/tu-ao-hut.html]
[theme-furniture-2.mysapo.net/collections/san-pham-noi-bat/products/tu-hug-90.html]
[theme-furniture-2.mysapo.net/collections/san-pham-noi-bat/products/tu-bnd-09.html]
[theme-furniture-2.mysapo.net/collections/san-pham-noi-bat/products/tu-qtr-01.html]
[theme-furniture-2.mysapo.net/collections/san-pham-noi-bat/products/tu-ao-hut.html]
[theme-furniture-2.mysapo.net/collections/phong-ngu/products/tu-hug-90.html]
[theme-furniture-2.mysapo.net/collections/phong-ngu/products/tu-bnd-09.html]
[theme-furniture-2.mysapo.net/collections/phong-ngu/products/tu-qtr-01.html]
[theme-furniture-2.mysapo.net/collections/phong-ngu/products/tu-ao-hut.html]
[bizweb.dktcdn.net/thumb/grande/100/210/557/articles/blog-detail-3b2beed9-bf42-466e-a845-47c3dcbd04e76943.jpg]
[bizweb.dktcdn.net/100/210/557/articles/blog-detail-3b2beed9-bf42-466e-a845-47c3dcbd04e76943.jpg]
[theme-furniture-2.mysapo.net/tin-tuc/bizweb.html]
[theme-furniture-2.mysapo.net/tin-tuc/dkt.html]
[theme-furniture-2.mysapo.net/tin-tuc/furniture.html]
[theme-furniture-2.mysapo.net/tin-tuc/nha-cua.html]
[theme-furniture-2.mysapo.net/tin-tuc/noi-that.html]
[theme-furniture-2.mysapo.net/10-cach-phoi-mau-cho-can-phong-dep-1.html]
[theme-furniture-2.mysapo.net/tin-tuc/trang-tri.html]
[bizweb.dktcdn.net/thumb/large/100/210/557/articles/blog-4-26bbbc31-ef2a-466f-8aa8-8b95997be0526002.jpg]
[theme-furniture-2.mysapo.net/bai-viet-mau.html]
[theme-furniture-2.mysapo.net/tin-tuc4658.html]
[theme-furniture-2.mysapo.net/blogs/all/tagged/bizweb.html]
[theme-furniture-2.mysapo.net/blogs/all/tagged/dkt.html]
[theme-furniture-2.mysapo.net/blogs/all/tagged/furniture.html]
[theme-furniture-2.mysapo.net/blogs/all/tagged/nha-cua.html]
[theme-furniture-2.mysapo.net/blogs/all/tagged/noi-that.html]
[theme-furniture-2.mysapo.net/blogs/all/tagged/trang-tri.html]
[theme-furniture-2.mysapo.net/tin-tuc2679.html]
[bizweb.dktcdn.net/thumb/grande/100/210/557/products/pp14301500321zoomd119.jpg]
[theme-furniture-2.mysapo.net/blogs/all.html]
[bizweb.dktcdn.net/thumb/1024x1024/100/210/557/products/pp14301500321zoomd119.jpg]
[bizweb.dktcdn.net/100/210/557/products/pp14301500321zoomd119.jpg]
[bizweb.dktcdn.net/thumb/large/100/005/781/products/61-2667f.jpg]
[bizweb.dktcdn.net/thumb/large/100/005/781/products/61-1-1-7f62.jpg]
[theme-furniture-2.mysapo.net/sopha-don-dep-gia-re-1.html]
[bizweb.dktcdn.net/thumb/grande/100/210/557/products/tezerac56484069121zoom9177.jpg]
[bizweb.dktcdn.net/thumb/1024x1024/100/210/557/products/tezerac56484069121zoom9177.jpg]
[bizweb.dktcdn.net/100/210/557/products/tezerac56484069121zoom9177.jpg]
[bizweb.dktcdn.net/thumb/large/100/005/781/products/2337e.jpg]
[bizweb.dktcdn.net/thumb/large/100/005/781/products/2-1-1-9304.jpg]
[theme-furniture-2.mysapo.net/ban-khach-tron-kinh.html]
[bizweb.dktcdn.net/thumb/grande/100/210/557/products/indie67285078121zoom09ab.jpg]
[bizweb.dktcdn.net/thumb/1024x1024/100/210/557/products/indie67285078121zoom09ab.jpg]
[bizweb.dktcdn.net/100/210/557/products/indie67285078121zoom09ab.jpg]
[bizweb.dktcdn.net/thumb/large/100/005/781/products/24-24a99.jpg]
[bizweb.dktcdn.net/thumb/large/100/005/781/products/24-1bf30.jpg]
[theme-furniture-2.mysapo.net/ban-khach-vuong-kinh.html]
[bizweb.dktcdn.net/thumb/grande/100/210/557/products/indie68189078121zoom656c.jpg]
[bizweb.dktcdn.net/thumb/1024x1024/100/210/557/products/indie68189078121zoom656c.jpg]
[bizweb.dktcdn.net/100/210/557/products/indie68189078121zoom656c.jpg]
[theme-furniture-2.mysapo.net/ban-cafe-tron-go-dep.html]
[bizweb.dktcdn.net/thumb/grande/100/210/557/products/pp44276779221zoom2115.jpg]
[bizweb.dktcdn.net/thumb/1024x1024/100/210/557/products/pp44276779221zoom2115.jpg]
[bizweb.dktcdn.net/100/210/557/products/pp44276779221zoom2115.jpg]
[theme-furniture-2.mysapo.net/sopha-don-dep-gia-re.html]
[bizweb.dktcdn.net/thumb/grande/100/210/557/products/pp56937050221zoomaddf.jpg]
[bizweb.dktcdn.net/thumb/1024x1024/100/210/557/products/pp56937050221zoomaddf.jpg]
[bizweb.dktcdn.net/100/210/557/products/pp56937050221zoomaddf.jpg]
[theme-furniture-2.mysapo.net/sofa-don-sfd18.html]
[bizweb.dktcdn.net/thumb/grande/100/210/557/products/sofadon001201501120829376601.jpg]
[bizweb.dktcdn.net/thumb/1024x1024/100/210/557/products/sofadon001201501120829376601.jpg]
[bizweb.dktcdn.net/100/210/557/products/sofadon001201501120829376601.jpg]
[bizweb.dktcdn.net/thumb/large/100/005/781/products/sofa-don-001-2015-01-12-08-29-37dfa8.jpg]
[theme-furniture-2.mysapo.net/ghe-sopha-don-em-ai.html]
[theme-furniture-2.mysapo.net/collections/ghe-sofa/products/tu-hug-90.html]
[theme-furniture-2.mysapo.net/collections/ghe-sofa/products/tu-bnd-09.html]
[theme-furniture-2.mysapo.net/collections/ghe-sofa/products/tu-qtr-01.html]
[theme-furniture-2.mysapo.net/collections/ghe-sofa/products/tu-ao-hut.html]
[bizweb.dktcdn.net/thumb/grande/100/210/557/products/solide41373106321zoom4dc1.jpg]
[bizweb.dktcdn.net/thumb/1024x1024/100/210/557/products/solide41373106321zoom4dc1.jpg]
[bizweb.dktcdn.net/100/210/557/products/solide41373106321zoom4dc1.jpg]
[bizweb.dktcdn.net/thumb/large/100/005/781/products/solide-4137-310632-1-zoom079a.jpg]
[bizweb.dktcdn.net/thumb/large/100/005/781/products/solide-4137-310632-2-zoom2df7.jpg]
[theme-furniture-2.mysapo.net/ke-sach-5-ngan-ubl.html]
[theme-furniture-2.mysapo.net/collections/ban-lam-viec/products/tu-hug-90.html]
[theme-furniture-2.mysapo.net/collections/ban-lam-viec/products/tu-bnd-09.html]
[theme-furniture-2.mysapo.net/collections/ban-lam-viec/products/tu-qtr-01.html]
[theme-furniture-2.mysapo.net/collections/ban-lam-viec/products/tu-ao-hut.html]
[bizweb.dktcdn.net/100/210/557/themes/801960/assets/lightboxb60e.css]
[bizweb.dktcdn.net/thumb/large/100/005/781/products/alex-daisy-1885-894322-1-zoom60a4.jpg]
[bizweb.dktcdn.net/thumb/large/100/005/781/products/alex-daisy-1886-894322-3-zoom4d3c.jpg]
[bizweb.dktcdn.net/thumb/large/100/005/781/products/31-21173.jpg]
[bizweb.dktcdn.net/thumb/large/100/005/781/products/light-living-6807-117202-1-zoom6283.jpg]
[bizweb.dktcdn.net/thumb/large/100/005/781/products/fos-lighting-0573-57988-1-zoomeb07.jpg]
[bizweb.dktcdn.net/thumb/large/100/005/781/products/re83dd.jpg]
[bizweb.dktcdn.net/thumb/large/100/005/781/products/light-living-0114-802532-2-zoom0ce2.jpg]
[bizweb.dktcdn.net/thumb/large/100/005/781/products/light-living-0177-002532-1-zoom-12d7a188-7200-4e7d-8c54-963a4fec9c865f38.jpg]
[bizweb.dktcdn.net/thumb/large/100/005/781/products/en-trang-tri-tru-cong-netviet-nvt-102-phi-250-0816-8450521-1-webp-zoom-91f9da60-26fc-4299-9197-496f7388c54b731e.jpg]
[bizweb.dktcdn.net/thumb/large/100/005/781/products/krm-1213-281401-1-zoom9b5f.jpg]
[bizweb.dktcdn.net/thumb/large/100/005/781/products/krm-1291-20549-1-zoom-cd6d5fc5-005c-4a89-870a-2ac2c9c6739602aa.jpg]
[bizweb.dktcdn.net/thumb/large/100/005/781/products/krm-1286-90549-1-zoom14ba.jpg]
[bizweb.dktcdn.net/thumb/large/100/005/781/products/krm-1269-23549-1-zoom-33d70381-9204-4845-8006-15f2a45aa72379b0.jpg]
[bizweb.dktcdn.net/thumb/large/100/005/781/products/krm-1260-14549-1-zoom2de5.jpg]
[bizweb.dktcdn.net/thumb/large/100/005/781/products/krm-2393-090522-1-zoom7675.jpg]
[bizweb.dktcdn.net/100/210/557/themes/801960/assets/images/ui-icons_444444_256x240.png]
[bizweb.dktcdn.net/100/210/557/themes/801960/assets/images/ui-icons_555555_256x240.png]
[bizweb.dktcdn.net/100/210/557/themes/801960/assets/images/ui-icons_ffffff_256x240.png]
[bizweb.dktcdn.net/100/210/557/themes/801960/assets/images/ui-icons_777620_256x240.png]
[bizweb.dktcdn.net/100/210/557/themes/801960/assets/images/ui-icons_cc0000_256x240.png]
[bizweb.dktcdn.net/100/210/557/themes/801960/assets/images/ui-icons_777777_256x240.png]
[bizweb.dktcdn.net/thumb/large/100/005/781/products/krm-1290-40549-1-zoom3587.jpg]
[bizweb.dktcdn.net/thumb/large/100/005/781/products/krm-2420-850522-1-zoom9a6c.jpg]
[bizweb.dktcdn.net/thumb/large/100/005/781/products/krm-0587-378922-1-zoom0615.jpg]
[bizweb.dktcdn.net/thumb/large/100/005/781/products/krm-2392-190522-1-zoomfcc4.jpg]
[bizweb.dktcdn.net/thumb/large/100/005/781/products/krm-0646-329922-1-zoomd9a2.jpg]
[bizweb.dktcdn.net/thumb/large/100/005/781/products/krm-2399-080522-1-zoom2031.jpg]
[bizweb.dktcdn.net/thumb/large/100/005/781/products/krm-1291-20549-1-zoomc7bd.jpg]
[bizweb.dktcdn.net/thumb/large/100/005/781/products/krm-1269-23549-1-zoomc000.jpg]
[bizweb.dktcdn.net/thumb/large/100/005/781/products/krm-2424-550522-1-zoomf6ee.jpg]
[bizweb.dktcdn.net/thumb/large/100/005/781/products/krm-1276-42549-1-zooma827.jpg]
[theme-furniture-2.mysapo.net/tin-tuc/bizweb.html]
[theme-furniture-2.mysapo.net/tin-tuc/dkt.html]
[theme-furniture-2.mysapo.net/tin-tuc/furniture.html]
[theme-furniture-2.mysapo.net/tin-tuc/nha-cua.html]
[theme-furniture-2.mysapo.net/tin-tuc/noi-that.html]
[theme-furniture-2.mysapo.net/tin-tuc/trang-tri.html]
[bizweb.dktcdn.net/thumb/grande/100/210/557/articles/blog-4-26bbbc31-ef2a-466f-8aa8-8b95997be0526002.jpg]
[bizweb.dktcdn.net/100/210/557/articles/blog-4-26bbbc31-ef2a-466f-8aa8-8b95997be0526002.jpg]
[theme-furniture-2.mysapo.net/bai-viet-mau.html]
[theme-furniture-2.mysapo.net/tin-tuc2679.html]
[theme-furniture-2.mysapo.net/blogs/all.html]
[theme-furniture-2.mysapo.net/blogs/all4658.html]
[bizweb.dktcdn.net/100/210/557/themes/801960/assets/star.svg]
[theme-furniture-2.mysapo.net/blogs/all4658.html]
[theme-furniture-2.mysapo.net/blogs/all2679.html]
[theme-furniture-2.mysapo.net/blogs/all2679.html]
[media.bizwebmedia.net/sites/95717/data/Upload/2014/12/3.jpg]
[media.bizwebmedia.net/sites/96971/data/Upload/2015/1/3_1.jpg]
[media.bizwebmedia.net/sites/96971/data/Upload/2015/1/61_1(1).jpg]
[media.bizwebmedia.net/Sites/96971/data/upload/2015/1/61_2c9f0.jpg]
[media.bizwebmedia.net/Sites/96971/data/upload/2015/1/33_2eccb.jpg]
[media.bizwebmedia.net/Sites/96971/data/upload/2015/1/33_1eccb.jpg]
[media.bizwebmedia.net/sites/95717/data/Upload/2015/1/40_2.jpg]
